******************************************************************************
                  TI ARM Linker PC v20.2.7                     
******************************************************************************
>> Linked Wed Aug 30 19:57:14 2023

OUTPUT FILE NAME:   <RTOS_NanoProject.out>
ENTRY POINT SYMBOL: "_c_int00_noargs"  address: 0000112d


MEMORY CONFIGURATION

         name            origin    length      used     unused   attr    fill
----------------------  --------  ---------  --------  --------  ----  --------
  FLASH                 00000000   00040000  00001206  0003edfa  R  X
  SRAM                  20000000   00008000  00000204  00007dfc  RW X


SEGMENT ALLOCATION MAP

run origin  load origin   length   init length attrs members
----------  ----------- ---------- ----------- ----- -------
00000000    00000000    00001208   00001208    r-x
  00000000    00000000    0000026c   0000026c    r-- .intvecs
  0000026c    0000026c    00000f26   00000f26    r-x .text
  00001192    00001192    0000005c   0000005c    r-- .const
  000011f0    000011f0    00000018   00000018    r-- .cinit
20000000    20000000    00000204   00000000    rw-
  20000000    20000000    00000200   00000000    rw- .stack
  20000200    20000200    00000004   00000000    rw- .data


SECTION ALLOCATION MAP

 output                                  attributes/
section   page    origin      length       input sections
--------  ----  ----------  ----------   ----------------
.intvecs   0    00000000    0000026c     
                  00000000    0000026c     tm4c123gh6pm_startup_ccs.obj (.intvecs)

.text      0    0000026c    00000f26     
                  0000026c    00000c12     commandline.obj (.text)
                  00000e7e    00000002     --HOLE-- [fill = 0]
                  00000e80    00000164     uart0.obj (.text)
                  00000fe4    0000009c     rtsv7M4_T_le_v4SPD16_eabi.lib : memcpy_t2.asm.obj (.text)
                  00001080    00000068                                   : copy_decompress_lzss.c.obj (.text:decompress:lzss:__TI_decompress_lzss)
                  000010e8    00000044                                   : autoinit.c.obj (.text:__TI_auto_init_nobinit_nopinit:__TI_auto_init_nobinit_nopinit)
                  0000112c    00000034                                   : boot_cortex_m.c.obj (.text:_c_int00_noargs:_c_int00_noargs)
                  00001160    00000010     clock.obj (.text)
                  00001170    0000000e     rtsv7M4_T_le_v4SPD16_eabi.lib : copy_decompress_none.c.obj (.text:decompress:none:__TI_decompress_none)
                  0000117e    0000000c     tm4c123gh6pm_startup_ccs.obj (.text)
                  0000118a    00000004     rtsv7M4_T_le_v4SPD16_eabi.lib : pre_init.c.obj (.text:_system_pre_init)
                  0000118e    00000004                                   : exit.c.obj (.text:abort:abort)

.const     0    00001192    0000005c     
                  00001192    0000005c     commandline.obj (.const:$P$T0$1)

.cinit     0    000011f0    00000018     
                  000011f0    00000008     (__TI_handler_table)
                  000011f8    00000007     (.cinit..data.load) [load image, compression = lzss]
                  000011ff    00000001     --HOLE-- [fill = 0]
                  00001200    00000008     (__TI_cinit_table)

.init_array 
*          0    00000000    00000000     UNINITIALIZED

.data      0    20000200    00000004     UNINITIALIZED
                  20000200    00000004     commandline.obj (.data)

.stack     0    20000000    00000200     UNINITIALIZED
                  20000000    00000004     rtsv7M4_T_le_v4SPD16_eabi.lib : boot_cortex_m.c.obj (.stack)
                  20000004    000001fc     --HOLE--

__llvm_prf_cnts 
*          0    20000000    00000000     UNINITIALIZED

MODULE SUMMARY

       Module                         code   ro data   rw data
       ------                         ----   -------   -------
    .\
       commandline.obj                3090   92        4      
       tm4c123gh6pm_startup_ccs.obj   12     620       0      
       uart0.obj                      356    0         0      
       clock.obj                      16     0         0      
    +--+------------------------------+------+---------+---------+
       Total:                         3474   712       4      
                                                              
    C:\ti\ccs1200\ccs\tools\compiler\ti-cgt-arm_20.2.7.LTS\lib\rtsv7M4_T_le_v4SPD16_eabi.lib
       memcpy_t2.asm.obj              156    0         0      
       copy_decompress_lzss.c.obj     104    0         0      
       autoinit.c.obj                 68     0         0      
       boot_cortex_m.c.obj            52     0         0      
       copy_decompress_none.c.obj     14     0         0      
       exit.c.obj                     4      0         0      
       pre_init.c.obj                 4      0         0      
    +--+------------------------------+------+---------+---------+
       Total:                         402    0         0      
                                                              
       Stack:                         0      0         512    
       Linker Generated:              0      23        0      
    +--+------------------------------+------+---------+---------+
       Grand Total:                   3876   735       516    


LINKER GENERATED COPY TABLES

__TI_cinit_table @ 00001200 records: 1, size/record: 8, table size: 8
	.data: load addr=000011f8, load size=00000007 bytes, run addr=20000200, run size=00000004 bytes, compression=lzss


LINKER GENERATED HANDLER TABLE

__TI_handler_table @ 000011f0 records: 2, size/record: 4, table size: 8
	index: 0, handler: __TI_decompress_lzss
	index: 1, handler: __TI_decompress_none


GLOBAL SYMBOLS: SORTED ALPHABETICALLY BY Name 

address   name                          
-------   ----                          
0000118f  C$$EXIT                       
0000117f  ResetISR                      
20000200  __STACK_END                   
00000200  __STACK_SIZE                  
20000200  __STACK_TOP                   
00001200  __TI_CINIT_Base               
00001208  __TI_CINIT_Limit              
000011f0  __TI_Handler_Table_Base       
000011f8  __TI_Handler_Table_Limit      
000010e9  __TI_auto_init_nobinit_nopinit
00001081  __TI_decompress_lzss          
00001171  __TI_decompress_none          
ffffffff  __TI_pprof_out_hndl           
ffffffff  __TI_prof_data_size           
ffffffff  __TI_prof_data_start          
00000000  __TI_static_base__            
00000fe5  __aeabi_memcpy                
00000fe5  __aeabi_memcpy4               
00000fe5  __aeabi_memcpy8               
ffffffff  __binit__                     
ffffffff  __c_args__                    
UNDEFED   __mpu_init                    
20000000  __stack                       
20000000  __start___llvm_prf_cnts       
20000000  __stop___llvm_prf_cnts        
0000112d  _c_int00_noargs               
UNDEFED   _system_post_cinit            
0000118b  _system_pre_init              
0000118f  abort                         
ffffffff  binit                         
00000000  g_pfnVectors                  
00000f81  getcUart0                     
0000026d  initHw                        
00001161  initSystemClockTo40Mhz        
00000e81  initUart0                     
000004e1  ipcs                          
00000f95  kbhitUart0                    
000004eb  kill                          
0000029f  main                          
00000fe5  memcpy                        
000005a9  pidof                         
0000050d  pkill                         
0000051f  preempt                       
000002f9  processCommands               
000004d1  ps                            
00000f39  putcUart0                     
00000f55  putsUart0                     
000005c5  run                           
00000581  sched                         
00000ef5  setUart0BaudRate              


GLOBAL SYMBOLS: SORTED BY Symbol Address 

address   name                          
-------   ----                          
00000000  __TI_static_base__            
00000000  g_pfnVectors                  
00000200  __STACK_SIZE                  
0000026d  initHw                        
0000029f  main                          
000002f9  processCommands               
000004d1  ps                            
000004e1  ipcs                          
000004eb  kill                          
0000050d  pkill                         
0000051f  preempt                       
00000581  sched                         
000005a9  pidof                         
000005c5  run                           
00000e81  initUart0                     
00000ef5  setUart0BaudRate              
00000f39  putcUart0                     
00000f55  putsUart0                     
00000f81  getcUart0                     
00000f95  kbhitUart0                    
00000fe5  __aeabi_memcpy                
00000fe5  __aeabi_memcpy4               
00000fe5  __aeabi_memcpy8               
00000fe5  memcpy                        
00001081  __TI_decompress_lzss          
000010e9  __TI_auto_init_nobinit_nopinit
0000112d  _c_int00_noargs               
00001161  initSystemClockTo40Mhz        
00001171  __TI_decompress_none          
0000117f  ResetISR                      
0000118b  _system_pre_init              
0000118f  C$$EXIT                       
0000118f  abort                         
000011f0  __TI_Handler_Table_Base       
000011f8  __TI_Handler_Table_Limit      
00001200  __TI_CINIT_Base               
00001208  __TI_CINIT_Limit              
20000000  __stack                       
20000000  __start___llvm_prf_cnts       
20000000  __stop___llvm_prf_cnts        
20000200  __STACK_END                   
20000200  __STACK_TOP                   
ffffffff  __TI_pprof_out_hndl           
ffffffff  __TI_prof_data_size           
ffffffff  __TI_prof_data_start          
ffffffff  __binit__                     
ffffffff  __c_args__                    
ffffffff  binit                         
UNDEFED   __mpu_init                    
UNDEFED   _system_post_cinit            

[50 symbols]
